only testing
Num weight bits = 18
learning rate = 10
initial_t = 1
power_t = 0.5
predictions = 0002c.predict
using no cache
Reading datafile = train-sets/0002.dat
num sources = 1
average    since         example     example  current  current  current
loss       last          counter      weight    label  predict features
0.001159   0.001159            1         1.0   0.5211   0.4871       15
0.002458   0.003757            2         2.0   0.5353   0.4740       15
0.008280   0.014102            4         4.0   0.5854   0.4409       15
0.027547   0.046815            8         8.0   0.5575   0.4616       15
0.032860   0.038174           16        16.0   0.5878   0.4990       15
0.034577   0.036293           32        32.0   0.6038   0.4602       15
0.025179   0.015780           64        64.0   0.5683   0.5515       15
0.025066   0.024954          128       128.0   0.5351   0.5130       15
0.021926   0.018785          256       256.0   0.5385   0.4835       15
0.018477   0.015028          512       512.0   0.5053   0.4506       15
0.016530   0.014584         1024      1024.0   0.5750   0.5109       15
0.014325   0.012119         2048      2048.0   0.5204   0.5084       15
0.011855   0.009384         4096      4096.0   0.5042   0.4673       15
0.010968   0.010082         8192      8192.0   0.4967   0.4564       15
0.009678   0.008387        16384     16384.0   0.5011   0.5430       15
0.011028   0.012379        32768     32768.0   0.3915   0.6046       15
0.014222   0.017415        65536     65536.0   0.5043   0.4501       15

finished run
number of examples per pass = 74746
passes used = 1
weighted example sum = 69521
weighted label sum = 35113.3
average loss = 0.0137339
best constant = 0.505067
best constant's loss = 0.249974
total feature number = 1119986
