Num weight bits = 18
learning rate = 10
initial_t = 10
power_t = 0.5
using no cache
Reading datafile = train-sets/rcv1_small.dat
num sources = 1
average    since         example     example  current  current  current
loss       last          counter      weight    label  predict features
1.000000   1.000000            1       490.2   1.0000   0.0000       50
0.768269   0.536615          205       980.5  unknown  -0.2045      186
0.539546   0.318745          747      1996.2  -1.0000  -0.4302       26
0.372934   0.210468         1905      4043.4  -1.0000  -0.6773       72
0.288502   0.204078         3960      8087.2  unknown  -1.0000       35
0.233258   0.178015         8588     16174.6  unknown  -1.0000       94

finished run
number of examples per pass = 10000
passes used = 1
weighted example sum = 17941.2
weighted label sum = -1691.94
average loss = 0.223426
best constant = -0.194903
total feature number = 779394
total queries = 801

